# Release Notes

- **Generated:** 2024-01-15T10:30
- **Repository:** https://github.com/acme/widgets

## Release summary

### Done

- [x] [PROJ-101](https://acme.atlassian.net/browse/PROJ-101) Add login page
- [x] [PROJ-105](https://acme.atlassian.net/browse/PROJ-105) Fix logout

### In Progress

- [ ] [PROJ-200](https://acme.atlassian.net/browse/PROJ-200) Refactor auth

### Ready for Release

- [x] [PROJ-110](https://acme.atlassian.net/browse/PROJ-110) Polish header


## Missing

- [ ] [PROJ-300](https://acme.atlassian.net/browse/PROJ-300) Document API


## Extra (not in release list)

**Done**
- [x] [OPS-9](https://acme.atlassian.net/browse/OPS-9) Bump deps


## Reverted commits

- [ ] [`abc1234`](https://github.com/acme/widgets/commit/abc1234567890abc1234567890abc1234567890a) Revert "risky change"

## Reapplied commits

- [ ] [`fed4321`](https://github.com/acme/widgets/commit/fed4321098765fed4321098765fed4321098765f) Reapply "risky change"

## Participants

- `Alex Smith`
- `Jane Doe`

## Commit history

| Hash | Jira Key | Jira Status | Commit Message | Authors |
|------|----------|-------------|----------------|---------|
| [`abc1234`](https://github.com/acme/widgets/commit/abc1234567890abc1234567890abc1234567890a) | [PROJ-101](https://acme.atlassian.net/browse/PROJ-101) | Done | [PROJ-101](https://acme.atlassian.net/browse/PROJ-101): Add login page ([#42](https://github.com/acme/widgets/pull/42)) | `Jane Doe` |
| [`def5678`](https://github.com/acme/widgets/commit/def5678901234def5678901234def5678901234d) | N/A | No Issue | chore: tidy up | `Alex Smith`, `Jane Doe` |
