# Release Notes

- **Generated:** 2024-03-01T12:00
- **Repository:** https://github.com/acme/widgets

## Commit history

| Hash | Jira Key | Jira Status | Commit Message | Authors |
|------|----------|-------------|----------------|---------|
| [`2222222`](https://github.com/acme/widgets/commit/2222222222222222222222222222222222222222) | N/A | No Issue | initial commit | `Unknown` |
