# Release Notes

- **Generated:** 2024-02-20T08:00
- **Repository:** https://github.com/acme/widgets

## Participants

- `Bob`

## Commit history

| Hash | Jira Key | Jira Status | Commit Message | Authors |
|------|----------|-------------|----------------|---------|
| [`1111111`](https://github.com/acme/widgets/commit/1111111111111111111111111111111111111111) | [AB-1](https://acme.atlassian.net/browse/AB-1) | Unknown | [AB-1](https://acme.atlassian.net/browse/AB-1): work | `Bob` |
